[0.007s] Invoking command in '/home/joan/Desktop/rviz_gazebo/build/rviz_gazebo': CMAKE_PREFIX_PATH=${CMAKE_PREFIX_PATH}:/opt/ros/jazzy DEBUGINFOD_URLS=https://debuginfod.ubuntu.com /usr/bin/cmake --build /home/joan/Desktop/rviz_gazebo/build/rviz_gazebo -- -j8 -l8
[0.037s] Invoked command in '/home/joan/Desktop/rviz_gazebo/build/rviz_gazebo' returned '0': CMAKE_PREFIX_PATH=${CMAKE_PREFIX_PATH}:/opt/ros/jazzy DEBUGINFOD_URLS=https://debuginfod.ubuntu.com /usr/bin/cmake --build /home/joan/Desktop/rviz_gazebo/build/rviz_gazebo -- -j8 -l8
[0.044s] Invoking command in '/home/joan/Desktop/rviz_gazebo/build/rviz_gazebo': CMAKE_PREFIX_PATH=${CMAKE_PREFIX_PATH}:/opt/ros/jazzy DEBUGINFOD_URLS=https://debuginfod.ubuntu.com /usr/bin/cmake --install /home/joan/Desktop/rviz_gazebo/build/rviz_gazebo
[0.050s] -- Install configuration: ""
[0.050s] -- Up-to-date: /home/joan/Desktop/rviz_gazebo/install/rviz_gazebo/share/rviz_gazebo/launch
[0.050s] -- Up-to-date: /home/joan/Desktop/rviz_gazebo/install/rviz_gazebo/share/rviz_gazebo/launch/__pycache__
[0.050s] -- Installing: /home/joan/Desktop/rviz_gazebo/install/rviz_gazebo/share/rviz_gazebo/launch/__pycache__/gazebo.launch.cpython-312.pyc
[0.050s] -- Up-to-date: /home/joan/Desktop/rviz_gazebo/install/rviz_gazebo/share/rviz_gazebo/launch/gazebo.launch.py
[0.050s] -- Up-to-date: /home/joan/Desktop/rviz_gazebo/install/rviz_gazebo/share/rviz_gazebo/urdf
[0.050s] -- Up-to-date: /home/joan/Desktop/rviz_gazebo/install/rviz_gazebo/share/rviz_gazebo/urdf/rviz.urdf.xacro
[0.050s] -- Up-to-date: /home/joan/Desktop/rviz_gazebo/install/rviz_gazebo/share/rviz_gazebo/meshes
[0.050s] -- Up-to-date: /home/joan/Desktop/rviz_gazebo/install/rviz_gazebo/share/rviz_gazebo/meshes/2_Link.STL
[0.051s] -- Up-to-date: /home/joan/Desktop/rviz_gazebo/install/rviz_gazebo/share/rviz_gazebo/meshes/3_Link.STL
[0.051s] -- Up-to-date: /home/joan/Desktop/rviz_gazebo/install/rviz_gazebo/share/rviz_gazebo/meshes/base_link.STL
[0.051s] -- Up-to-date: /home/joan/Desktop/rviz_gazebo/install/rviz_gazebo/share/rviz_gazebo/meshes/1_Link.STL
[0.051s] -- Up-to-date: /home/joan/Desktop/rviz_gazebo/install/rviz_gazebo/share/rviz_gazebo/config
[0.051s] -- Up-to-date: /home/joan/Desktop/rviz_gazebo/install/rviz_gazebo/share/rviz_gazebo/config/controllers.yaml
[0.051s] -- Up-to-date: /home/joan/Desktop/rviz_gazebo/install/rviz_gazebo/share/ament_index/resource_index/package_run_dependencies/rviz_gazebo
[0.051s] -- Up-to-date: /home/joan/Desktop/rviz_gazebo/install/rviz_gazebo/share/ament_index/resource_index/parent_prefix_path/rviz_gazebo
[0.051s] -- Up-to-date: /home/joan/Desktop/rviz_gazebo/install/rviz_gazebo/share/rviz_gazebo/environment/ament_prefix_path.sh
[0.051s] -- Up-to-date: /home/joan/Desktop/rviz_gazebo/install/rviz_gazebo/share/rviz_gazebo/environment/ament_prefix_path.dsv
[0.051s] -- Up-to-date: /home/joan/Desktop/rviz_gazebo/install/rviz_gazebo/share/rviz_gazebo/environment/path.sh
[0.051s] -- Up-to-date: /home/joan/Desktop/rviz_gazebo/install/rviz_gazebo/share/rviz_gazebo/environment/path.dsv
[0.051s] -- Up-to-date: /home/joan/Desktop/rviz_gazebo/install/rviz_gazebo/share/rviz_gazebo/local_setup.bash
[0.051s] -- Up-to-date: /home/joan/Desktop/rviz_gazebo/install/rviz_gazebo/share/rviz_gazebo/local_setup.sh
[0.052s] -- Up-to-date: /home/joan/Desktop/rviz_gazebo/install/rviz_gazebo/share/rviz_gazebo/local_setup.zsh
[0.052s] -- Up-to-date: /home/joan/Desktop/rviz_gazebo/install/rviz_gazebo/share/rviz_gazebo/local_setup.dsv
[0.052s] -- Installing: /home/joan/Desktop/rviz_gazebo/install/rviz_gazebo/share/rviz_gazebo/package.dsv
[0.052s] -- Up-to-date: /home/joan/Desktop/rviz_gazebo/install/rviz_gazebo/share/ament_index/resource_index/packages/rviz_gazebo
[0.052s] -- Up-to-date: /home/joan/Desktop/rviz_gazebo/install/rviz_gazebo/share/rviz_gazebo/cmake/rviz_gazeboConfig.cmake
[0.052s] -- Up-to-date: /home/joan/Desktop/rviz_gazebo/install/rviz_gazebo/share/rviz_gazebo/cmake/rviz_gazeboConfig-version.cmake
[0.052s] -- Up-to-date: /home/joan/Desktop/rviz_gazebo/install/rviz_gazebo/share/rviz_gazebo/package.xml
[0.052s] Invoked command in '/home/joan/Desktop/rviz_gazebo/build/rviz_gazebo' returned '0': CMAKE_PREFIX_PATH=${CMAKE_PREFIX_PATH}:/opt/ros/jazzy DEBUGINFOD_URLS=https://debuginfod.ubuntu.com /usr/bin/cmake --install /home/joan/Desktop/rviz_gazebo/build/rviz_gazebo
