-- Install configuration: ""
-- Up-to-date: /home/joan/Desktop/rviz_gazebo/install/rviz_gazebo/share/rviz_gazebo/launch
-- Up-to-date: /home/joan/Desktop/rviz_gazebo/install/rviz_gazebo/share/rviz_gazebo/launch/__pycache__
-- Up-to-date: /home/joan/Desktop/rviz_gazebo/install/rviz_gazebo/share/rviz_gazebo/launch/__pycache__/gazebo.launch.cpython-312.pyc
-- Installing: /home/joan/Desktop/rviz_gazebo/install/rviz_gazebo/share/rviz_gazebo/launch/gazebo.launch.py
-- Up-to-date: /home/joan/Desktop/rviz_gazebo/install/rviz_gazebo/share/rviz_gazebo/urdf
-- Up-to-date: /home/joan/Desktop/rviz_gazebo/install/rviz_gazebo/share/rviz_gazebo/urdf/rviz.urdf.xacro
-- Up-to-date: /home/joan/Desktop/rviz_gazebo/install/rviz_gazebo/share/rviz_gazebo/meshes
-- Up-to-date: /home/joan/Desktop/rviz_gazebo/install/rviz_gazebo/share/rviz_gazebo/meshes/2_Link.STL
-- Up-to-date: /home/joan/Desktop/rviz_gazebo/install/rviz_gazebo/share/rviz_gazebo/meshes/3_Link.STL
-- Up-to-date: /home/joan/Desktop/rviz_gazebo/install/rviz_gazebo/share/rviz_gazebo/meshes/base_link.STL
-- Up-to-date: /home/joan/Desktop/rviz_gazebo/install/rviz_gazebo/share/rviz_gazebo/meshes/1_Link.STL
-- Up-to-date: /home/joan/Desktop/rviz_gazebo/install/rviz_gazebo/share/rviz_gazebo/config
-- Up-to-date: /home/joan/Desktop/rviz_gazebo/install/rviz_gazebo/share/rviz_gazebo/config/controllers.yaml
-- Up-to-date: /home/joan/Desktop/rviz_gazebo/install/rviz_gazebo/share/ament_index/resource_index/package_run_dependencies/rviz_gazebo
-- Up-to-date: /home/joan/Desktop/rviz_gazebo/install/rviz_gazebo/share/ament_index/resource_index/parent_prefix_path/rviz_gazebo
-- Up-to-date: /home/joan/Desktop/rviz_gazebo/install/rviz_gazebo/share/rviz_gazebo/environment/ament_prefix_path.sh
-- Up-to-date: /home/joan/Desktop/rviz_gazebo/install/rviz_gazebo/share/rviz_gazebo/environment/ament_prefix_path.dsv
-- Up-to-date: /home/joan/Desktop/rviz_gazebo/install/rviz_gazebo/share/rviz_gazebo/environment/path.sh
-- Up-to-date: /home/joan/Desktop/rviz_gazebo/install/rviz_gazebo/share/rviz_gazebo/environment/path.dsv
-- Up-to-date: /home/joan/Desktop/rviz_gazebo/install/rviz_gazebo/share/rviz_gazebo/local_setup.bash
-- Up-to-date: /home/joan/Desktop/rviz_gazebo/install/rviz_gazebo/share/rviz_gazebo/local_setup.sh
-- Up-to-date: /home/joan/Desktop/rviz_gazebo/install/rviz_gazebo/share/rviz_gazebo/local_setup.zsh
-- Up-to-date: /home/joan/Desktop/rviz_gazebo/install/rviz_gazebo/share/rviz_gazebo/local_setup.dsv
-- Installing: /home/joan/Desktop/rviz_gazebo/install/rviz_gazebo/share/rviz_gazebo/package.dsv
-- Up-to-date: /home/joan/Desktop/rviz_gazebo/install/rviz_gazebo/share/ament_index/resource_index/packages/rviz_gazebo
-- Up-to-date: /home/joan/Desktop/rviz_gazebo/install/rviz_gazebo/share/rviz_gazebo/cmake/rviz_gazeboConfig.cmake
-- Up-to-date: /home/joan/Desktop/rviz_gazebo/install/rviz_gazebo/share/rviz_gazebo/cmake/rviz_gazeboConfig-version.cmake
-- Up-to-date: /home/joan/Desktop/rviz_gazebo/install/rviz_gazebo/share/rviz_gazebo/package.xml
