[0.092s] DEBUG:colcon:Command line arguments: ['/usr/bin/colcon', 'build', '--symlink-install']
[0.093s] DEBUG:colcon:Parsed command line arguments: Namespace(log_base=None, log_level=None, verb_name='build', build_base='build', install_base='install', merge_install=False, symlink_install=True, test_result_base=None, continue_on_error=False, executor='parallel', parallel_workers=8, event_handlers=None, ignore_user_meta=False, metas=['./colcon.meta'], base_paths=['.'], packages_ignore=None, packages_ignore_regex=None, paths=None, packages_up_to=None, packages_up_to_regex=None, packages_above=None, packages_above_and_dependencies=None, packages_above_depth=None, packages_select_by_dep=None, packages_skip_by_dep=None, packages_skip_up_to=None, packages_select_build_failed=False, packages_skip_build_finished=False, packages_select_test_failures=False, packages_skip_test_passed=False, packages_select=None, packages_skip=None, packages_select_regex=None, packages_skip_regex=None, packages_start=None, packages_end=None, allow_overriding=[], cmake_args=None, cmake_target=None, cmake_target_skip_unavailable=False, cmake_clean_cache=False, cmake_clean_first=False, cmake_force_configure=False, ament_cmake_args=None, catkin_cmake_args=None, catkin_skip_building_tests=False, mixin_files=None, mixin=None, verb_parser=<colcon_mixin.mixin.mixin_argument.MixinArgumentDecorator object at 0x7a428aa87380>, verb_extension=<colcon_core.verb.build.BuildVerb object at 0x7a428aa292b0>, main=<bound method BuildVerb.main of <colcon_core.verb.build.BuildVerb object at 0x7a428aa292b0>>, mixin_verb=('build',))
[0.123s] Level 1:colcon.colcon_core.package_discovery:discover_packages(colcon_meta) check parameters
[0.123s] Level 1:colcon.colcon_core.package_discovery:discover_packages(recursive) check parameters
[0.123s] Level 1:colcon.colcon_core.package_discovery:discover_packages(ignore) check parameters
[0.123s] Level 1:colcon.colcon_core.package_discovery:discover_packages(path) check parameters
[0.123s] Level 1:colcon.colcon_core.package_discovery:discover_packages(colcon_meta) discover
[0.123s] Level 1:colcon.colcon_core.package_discovery:discover_packages(recursive) discover
[0.123s] INFO:colcon.colcon_core.package_discovery:Crawling recursively for packages in '/home/joan/Desktop/rviz'
[0.123s] Level 1:colcon.colcon_core.package_identification:_identify(.) by extensions ['ignore', 'ignore_ament_install']
[0.123s] Level 1:colcon.colcon_core.package_identification:_identify(.) by extension 'ignore'
[0.123s] Level 1:colcon.colcon_core.package_identification:_identify(.) by extension 'ignore_ament_install'
[0.123s] Level 1:colcon.colcon_core.package_identification:_identify(.) by extensions ['colcon_pkg']
[0.123s] Level 1:colcon.colcon_core.package_identification:_identify(.) by extension 'colcon_pkg'
[0.123s] Level 1:colcon.colcon_core.package_identification:_identify(.) by extensions ['colcon_meta']
[0.123s] Level 1:colcon.colcon_core.package_identification:_identify(.) by extension 'colcon_meta'
[0.123s] Level 1:colcon.colcon_core.package_identification:_identify(.) by extensions ['ros']
[0.123s] Level 1:colcon.colcon_core.package_identification:_identify(.) by extension 'ros'
[0.145s] DEBUG:colcon.colcon_core.package_identification:Package '.' with type 'ros.ament_cmake' and name 'rviz'
[0.145s] Level 1:colcon.colcon_core.package_discovery:discover_packages(recursive) using defaults
[0.146s] Level 1:colcon.colcon_core.package_discovery:discover_packages(ignore) discover
[0.146s] Level 1:colcon.colcon_core.package_discovery:discover_packages(ignore) using defaults
[0.146s] Level 1:colcon.colcon_core.package_discovery:discover_packages(path) discover
[0.146s] Level 1:colcon.colcon_core.package_discovery:discover_packages(path) using defaults
[0.160s] Level 1:colcon.colcon_core.package_discovery:discover_packages(prefix_path) check parameters
[0.160s] Level 1:colcon.colcon_core.package_discovery:discover_packages(prefix_path) discover
[0.192s] DEBUG:colcon.colcon_installed_package_information.package_discovery:Found 20 installed packages in /home/joan/install
[0.194s] DEBUG:colcon.colcon_installed_package_information.package_discovery:Found 377 installed packages in /opt/ros/jazzy
[0.195s] Level 1:colcon.colcon_core.package_discovery:discover_packages(prefix_path) using defaults
[0.478s] Level 5:colcon.colcon_core.verb:set package 'rviz' build argument 'cmake_args' from command line to 'None'
[0.479s] Level 5:colcon.colcon_core.verb:set package 'rviz' build argument 'cmake_target' from command line to 'None'
[0.479s] Level 5:colcon.colcon_core.verb:set package 'rviz' build argument 'cmake_target_skip_unavailable' from command line to 'False'
[0.479s] Level 5:colcon.colcon_core.verb:set package 'rviz' build argument 'cmake_clean_cache' from command line to 'False'
[0.479s] Level 5:colcon.colcon_core.verb:set package 'rviz' build argument 'cmake_clean_first' from command line to 'False'
[0.479s] Level 5:colcon.colcon_core.verb:set package 'rviz' build argument 'cmake_force_configure' from command line to 'False'
[0.479s] Level 5:colcon.colcon_core.verb:set package 'rviz' build argument 'ament_cmake_args' from command line to 'None'
[0.479s] Level 5:colcon.colcon_core.verb:set package 'rviz' build argument 'catkin_cmake_args' from command line to 'None'
[0.479s] Level 5:colcon.colcon_core.verb:set package 'rviz' build argument 'catkin_skip_building_tests' from command line to 'False'
[0.479s] DEBUG:colcon.colcon_core.verb:Building package 'rviz' with the following arguments: {'ament_cmake_args': None, 'build_base': '/home/joan/Desktop/rviz/build/rviz', 'catkin_cmake_args': None, 'catkin_skip_building_tests': False, 'cmake_args': None, 'cmake_clean_cache': False, 'cmake_clean_first': False, 'cmake_force_configure': False, 'cmake_target': None, 'cmake_target_skip_unavailable': False, 'install_base': '/home/joan/Desktop/rviz/install/rviz', 'merge_install': False, 'path': '/home/joan/Desktop/rviz', 'symlink_install': True, 'test_result_base': None}
[0.479s] INFO:colcon.colcon_core.executor:Executing jobs using 'parallel' executor
[0.480s] DEBUG:colcon.colcon_parallel_executor.executor.parallel:run_until_complete
[0.480s] INFO:colcon.colcon_ros.task.ament_cmake.build:Building ROS package in '/home/joan/Desktop/rviz' with build type 'ament_cmake'
[0.480s] INFO:colcon.colcon_cmake.task.cmake.build:Building CMake package in '/home/joan/Desktop/rviz'
[0.481s] INFO:colcon.colcon_core.plugin_system:Skipping extension 'colcon_core.shell.bat': Not used on non-Windows systems
[0.482s] INFO:colcon.colcon_core.shell:Skip shell extension 'powershell' for command environment: Not usable outside of PowerShell
[0.482s] DEBUG:colcon.colcon_core.shell:Skip shell extension 'dsv' for command environment
[0.489s] DEBUG:colcon.colcon_core.event_handler.log_command:Invoking command in '/home/joan/Desktop/rviz/build/rviz': CMAKE_PREFIX_PATH=${CMAKE_PREFIX_PATH}:/home/joan/install/examples_rclpy_pointcloud_publisher:/home/joan/install/examples_rclpy_minimal_subscriber:/home/joan/install/examples_rclpy_minimal_service:/home/joan/install/examples_rclpy_minimal_publisher:/home/joan/install/examples_rclpy_minimal_client:/home/joan/install/examples_rclpy_minimal_action_server:/home/joan/install/examples_rclpy_minimal_action_client:/home/joan/install/examples_rclpy_guard_conditions:/home/joan/install/examples_rclpy_executors:/opt/ros/jazzy DEBUGINFOD_URLS=https://debuginfod.ubuntu.com /usr/bin/cmake --build /home/joan/Desktop/rviz/build/rviz -- -j8 -l8
[0.519s] DEBUG:colcon.colcon_core.event_handler.log_command:Invoked command in '/home/joan/Desktop/rviz/build/rviz' returned '0': CMAKE_PREFIX_PATH=${CMAKE_PREFIX_PATH}:/home/joan/install/examples_rclpy_pointcloud_publisher:/home/joan/install/examples_rclpy_minimal_subscriber:/home/joan/install/examples_rclpy_minimal_service:/home/joan/install/examples_rclpy_minimal_publisher:/home/joan/install/examples_rclpy_minimal_client:/home/joan/install/examples_rclpy_minimal_action_server:/home/joan/install/examples_rclpy_minimal_action_client:/home/joan/install/examples_rclpy_guard_conditions:/home/joan/install/examples_rclpy_executors:/opt/ros/jazzy DEBUGINFOD_URLS=https://debuginfod.ubuntu.com /usr/bin/cmake --build /home/joan/Desktop/rviz/build/rviz -- -j8 -l8
[0.526s] DEBUG:colcon.colcon_core.event_handler.log_command:Invoking command in '/home/joan/Desktop/rviz/build/rviz': CMAKE_PREFIX_PATH=${CMAKE_PREFIX_PATH}:/home/joan/install/examples_rclpy_pointcloud_publisher:/home/joan/install/examples_rclpy_minimal_subscriber:/home/joan/install/examples_rclpy_minimal_service:/home/joan/install/examples_rclpy_minimal_publisher:/home/joan/install/examples_rclpy_minimal_client:/home/joan/install/examples_rclpy_minimal_action_server:/home/joan/install/examples_rclpy_minimal_action_client:/home/joan/install/examples_rclpy_guard_conditions:/home/joan/install/examples_rclpy_executors:/opt/ros/jazzy DEBUGINFOD_URLS=https://debuginfod.ubuntu.com /usr/bin/cmake --install /home/joan/Desktop/rviz/build/rviz
[0.542s] Level 1:colcon.colcon_core.environment:create_environment_scripts_only(rviz)
[0.543s] DEBUG:colcon.colcon_core.event_handler.log_command:Invoked command in '/home/joan/Desktop/rviz/build/rviz' returned '0': CMAKE_PREFIX_PATH=${CMAKE_PREFIX_PATH}:/home/joan/install/examples_rclpy_pointcloud_publisher:/home/joan/install/examples_rclpy_minimal_subscriber:/home/joan/install/examples_rclpy_minimal_service:/home/joan/install/examples_rclpy_minimal_publisher:/home/joan/install/examples_rclpy_minimal_client:/home/joan/install/examples_rclpy_minimal_action_server:/home/joan/install/examples_rclpy_minimal_action_client:/home/joan/install/examples_rclpy_guard_conditions:/home/joan/install/examples_rclpy_executors:/opt/ros/jazzy DEBUGINFOD_URLS=https://debuginfod.ubuntu.com /usr/bin/cmake --install /home/joan/Desktop/rviz/build/rviz
[0.544s] Level 1:colcon.colcon_core.environment:checking '/home/joan/Desktop/rviz/install/rviz' for CMake module files
[0.545s] Level 1:colcon.colcon_core.environment:checking '/home/joan/Desktop/rviz/install/rviz' for CMake config files
[0.545s] Level 1:colcon.colcon_core.shell:create_environment_hook('rviz', 'cmake_prefix_path')
[0.545s] INFO:colcon.colcon_core.shell:Creating environment hook '/home/joan/Desktop/rviz/install/rviz/share/rviz/hook/cmake_prefix_path.ps1'
[0.546s] INFO:colcon.colcon_core.shell:Creating environment descriptor '/home/joan/Desktop/rviz/install/rviz/share/rviz/hook/cmake_prefix_path.dsv'
[0.546s] INFO:colcon.colcon_core.shell:Creating environment hook '/home/joan/Desktop/rviz/install/rviz/share/rviz/hook/cmake_prefix_path.sh'
[0.547s] Level 1:colcon.colcon_core.environment:checking '/home/joan/Desktop/rviz/install/rviz/bin'
[0.547s] Level 1:colcon.colcon_core.environment:checking '/home/joan/Desktop/rviz/install/rviz/lib/pkgconfig/rviz.pc'
[0.547s] Level 1:colcon.colcon_core.environment:checking '/home/joan/Desktop/rviz/install/rviz/lib/python3.12/site-packages'
[0.547s] Level 1:colcon.colcon_core.environment:checking '/home/joan/Desktop/rviz/install/rviz/bin'
[0.547s] INFO:colcon.colcon_core.shell:Creating package script '/home/joan/Desktop/rviz/install/rviz/share/rviz/package.ps1'
[0.548s] INFO:colcon.colcon_core.shell:Creating package descriptor '/home/joan/Desktop/rviz/install/rviz/share/rviz/package.dsv'
[0.549s] INFO:colcon.colcon_core.shell:Creating package script '/home/joan/Desktop/rviz/install/rviz/share/rviz/package.sh'
[0.549s] INFO:colcon.colcon_core.shell:Creating package script '/home/joan/Desktop/rviz/install/rviz/share/rviz/package.bash'
[0.550s] INFO:colcon.colcon_core.shell:Creating package script '/home/joan/Desktop/rviz/install/rviz/share/rviz/package.zsh'
[0.550s] Level 1:colcon.colcon_core.environment:create_file_with_runtime_dependencies(/home/joan/Desktop/rviz/install/rviz/share/colcon-core/packages/rviz)
[0.550s] Level 1:colcon.colcon_core.environment:create_environment_scripts_only(rviz)
[0.550s] Level 1:colcon.colcon_core.environment:checking '/home/joan/Desktop/rviz/install/rviz' for CMake module files
[0.551s] Level 1:colcon.colcon_core.environment:checking '/home/joan/Desktop/rviz/install/rviz' for CMake config files
[0.551s] Level 1:colcon.colcon_core.shell:create_environment_hook('rviz', 'cmake_prefix_path')
[0.551s] INFO:colcon.colcon_core.shell:Creating environment hook '/home/joan/Desktop/rviz/install/rviz/share/rviz/hook/cmake_prefix_path.ps1'
[0.551s] INFO:colcon.colcon_core.shell:Creating environment descriptor '/home/joan/Desktop/rviz/install/rviz/share/rviz/hook/cmake_prefix_path.dsv'
[0.552s] INFO:colcon.colcon_core.shell:Creating environment hook '/home/joan/Desktop/rviz/install/rviz/share/rviz/hook/cmake_prefix_path.sh'
[0.552s] Level 1:colcon.colcon_core.environment:checking '/home/joan/Desktop/rviz/install/rviz/bin'
[0.552s] Level 1:colcon.colcon_core.environment:checking '/home/joan/Desktop/rviz/install/rviz/lib/pkgconfig/rviz.pc'
[0.552s] Level 1:colcon.colcon_core.environment:checking '/home/joan/Desktop/rviz/install/rviz/lib/python3.12/site-packages'
[0.553s] Level 1:colcon.colcon_core.environment:checking '/home/joan/Desktop/rviz/install/rviz/bin'
[0.553s] INFO:colcon.colcon_core.shell:Creating package script '/home/joan/Desktop/rviz/install/rviz/share/rviz/package.ps1'
[0.553s] INFO:colcon.colcon_core.shell:Creating package descriptor '/home/joan/Desktop/rviz/install/rviz/share/rviz/package.dsv'
[0.554s] INFO:colcon.colcon_core.shell:Creating package script '/home/joan/Desktop/rviz/install/rviz/share/rviz/package.sh'
[0.554s] INFO:colcon.colcon_core.shell:Creating package script '/home/joan/Desktop/rviz/install/rviz/share/rviz/package.bash'
[0.554s] INFO:colcon.colcon_core.shell:Creating package script '/home/joan/Desktop/rviz/install/rviz/share/rviz/package.zsh'
[0.555s] Level 1:colcon.colcon_core.environment:create_file_with_runtime_dependencies(/home/joan/Desktop/rviz/install/rviz/share/colcon-core/packages/rviz)
[0.555s] DEBUG:colcon.colcon_parallel_executor.executor.parallel:closing loop
[0.555s] DEBUG:colcon.colcon_parallel_executor.executor.parallel:loop closed
[0.555s] DEBUG:colcon.colcon_parallel_executor.executor.parallel:run_until_complete finished with '0'
[0.555s] DEBUG:colcon.colcon_core.event_reactor:joining thread
[0.559s] INFO:colcon.colcon_core.plugin_system:Skipping extension 'colcon_notification.desktop_notification.notify_send': Could not find 'notify-send'
[0.559s] INFO:colcon.colcon_core.plugin_system:Skipping extension 'colcon_notification.desktop_notification.terminal_notifier': Not used on non-Darwin systems
[0.559s] INFO:colcon.colcon_core.plugin_system:Skipping extension 'colcon_notification.desktop_notification.win32': Not used on non-Windows systems
[0.559s] INFO:colcon.colcon_notification.desktop_notification:Sending desktop notification using 'notify2'
[0.562s] DEBUG:colcon.colcon_core.event_reactor:joined thread
[0.562s] INFO:colcon.colcon_core.shell:Creating prefix script '/home/joan/Desktop/rviz/install/local_setup.ps1'
[0.563s] INFO:colcon.colcon_core.shell:Creating prefix util module '/home/joan/Desktop/rviz/install/_local_setup_util_ps1.py'
[0.564s] INFO:colcon.colcon_core.shell:Creating prefix chain script '/home/joan/Desktop/rviz/install/setup.ps1'
[0.565s] INFO:colcon.colcon_core.shell:Creating prefix script '/home/joan/Desktop/rviz/install/local_setup.sh'
[0.566s] INFO:colcon.colcon_core.shell:Creating prefix util module '/home/joan/Desktop/rviz/install/_local_setup_util_sh.py'
[0.566s] INFO:colcon.colcon_core.shell:Creating prefix chain script '/home/joan/Desktop/rviz/install/setup.sh'
[0.568s] INFO:colcon.colcon_core.shell:Creating prefix script '/home/joan/Desktop/rviz/install/local_setup.bash'
[0.568s] INFO:colcon.colcon_core.shell:Creating prefix chain script '/home/joan/Desktop/rviz/install/setup.bash'
[0.570s] INFO:colcon.colcon_core.shell:Creating prefix script '/home/joan/Desktop/rviz/install/local_setup.zsh'
[0.570s] INFO:colcon.colcon_core.shell:Creating prefix chain script '/home/joan/Desktop/rviz/install/setup.zsh'
