[0.087s] DEBUG:colcon:Command line arguments: ['/usr/bin/colcon', 'build', '--packages-select', 'rviz_gazebo']
[0.087s] DEBUG:colcon:Parsed command line arguments: Namespace(log_base=None, log_level=None, verb_name='build', build_base='build', install_base='install', merge_install=False, symlink_install=False, test_result_base=None, continue_on_error=False, executor='parallel', parallel_workers=8, event_handlers=None, ignore_user_meta=False, metas=['./colcon.meta'], base_paths=['.'], packages_ignore=None, packages_ignore_regex=None, paths=None, packages_up_to=None, packages_up_to_regex=None, packages_above=None, packages_above_and_dependencies=None, packages_above_depth=None, packages_select_by_dep=None, packages_skip_by_dep=None, packages_skip_up_to=None, packages_select_build_failed=False, packages_skip_build_finished=False, packages_select_test_failures=False, packages_skip_test_passed=False, packages_select=['rviz_gazebo'], packages_skip=None, packages_select_regex=None, packages_skip_regex=None, packages_start=None, packages_end=None, allow_overriding=[], cmake_args=None, cmake_target=None, cmake_target_skip_unavailable=False, cmake_clean_cache=False, cmake_clean_first=False, cmake_force_configure=False, ament_cmake_args=None, catkin_cmake_args=None, catkin_skip_building_tests=False, mixin_files=None, mixin=None, verb_parser=<colcon_mixin.mixin.mixin_argument.MixinArgumentDecorator object at 0x79871ed7e960>, verb_extension=<colcon_core.verb.build.BuildVerb object at 0x79871ed286b0>, main=<bound method BuildVerb.main of <colcon_core.verb.build.BuildVerb object at 0x79871ed286b0>>, mixin_verb=('build',))
[0.117s] Level 1:colcon.colcon_core.package_discovery:discover_packages(colcon_meta) check parameters
[0.117s] Level 1:colcon.colcon_core.package_discovery:discover_packages(recursive) check parameters
[0.117s] Level 1:colcon.colcon_core.package_discovery:discover_packages(ignore) check parameters
[0.117s] Level 1:colcon.colcon_core.package_discovery:discover_packages(path) check parameters
[0.117s] Level 1:colcon.colcon_core.package_discovery:discover_packages(colcon_meta) discover
[0.117s] Level 1:colcon.colcon_core.package_discovery:discover_packages(recursive) discover
[0.117s] INFO:colcon.colcon_core.package_discovery:Crawling recursively for packages in '/home/joan/Desktop/rviz_gazebo'
[0.117s] Level 1:colcon.colcon_core.package_identification:_identify(.) by extensions ['ignore', 'ignore_ament_install']
[0.117s] Level 1:colcon.colcon_core.package_identification:_identify(.) by extension 'ignore'
[0.117s] Level 1:colcon.colcon_core.package_identification:_identify(.) by extension 'ignore_ament_install'
[0.117s] Level 1:colcon.colcon_core.package_identification:_identify(.) by extensions ['colcon_pkg']
[0.117s] Level 1:colcon.colcon_core.package_identification:_identify(.) by extension 'colcon_pkg'
[0.117s] Level 1:colcon.colcon_core.package_identification:_identify(.) by extensions ['colcon_meta']
[0.118s] Level 1:colcon.colcon_core.package_identification:_identify(.) by extension 'colcon_meta'
[0.118s] Level 1:colcon.colcon_core.package_identification:_identify(.) by extensions ['ros']
[0.118s] Level 1:colcon.colcon_core.package_identification:_identify(.) by extension 'ros'
[0.141s] DEBUG:colcon.colcon_core.package_identification:Package '.' with type 'ros.ament_cmake' and name 'rviz_gazebo'
[0.141s] Level 1:colcon.colcon_core.package_discovery:discover_packages(recursive) using defaults
[0.141s] Level 1:colcon.colcon_core.package_discovery:discover_packages(ignore) discover
[0.141s] Level 1:colcon.colcon_core.package_discovery:discover_packages(ignore) using defaults
[0.141s] Level 1:colcon.colcon_core.package_discovery:discover_packages(path) discover
[0.141s] Level 1:colcon.colcon_core.package_discovery:discover_packages(path) using defaults
[0.155s] Level 1:colcon.colcon_core.package_discovery:discover_packages(prefix_path) check parameters
[0.156s] Level 1:colcon.colcon_core.package_discovery:discover_packages(prefix_path) discover
[0.158s] DEBUG:colcon.colcon_installed_package_information.package_discovery:Found 378 installed packages in /opt/ros/jazzy
[0.159s] Level 1:colcon.colcon_core.package_discovery:discover_packages(prefix_path) using defaults
[0.203s] Level 5:colcon.colcon_core.verb:set package 'rviz_gazebo' build argument 'cmake_args' from command line to 'None'
[0.203s] Level 5:colcon.colcon_core.verb:set package 'rviz_gazebo' build argument 'cmake_target' from command line to 'None'
[0.203s] Level 5:colcon.colcon_core.verb:set package 'rviz_gazebo' build argument 'cmake_target_skip_unavailable' from command line to 'False'
[0.203s] Level 5:colcon.colcon_core.verb:set package 'rviz_gazebo' build argument 'cmake_clean_cache' from command line to 'False'
[0.203s] Level 5:colcon.colcon_core.verb:set package 'rviz_gazebo' build argument 'cmake_clean_first' from command line to 'False'
[0.203s] Level 5:colcon.colcon_core.verb:set package 'rviz_gazebo' build argument 'cmake_force_configure' from command line to 'False'
[0.203s] Level 5:colcon.colcon_core.verb:set package 'rviz_gazebo' build argument 'ament_cmake_args' from command line to 'None'
[0.203s] Level 5:colcon.colcon_core.verb:set package 'rviz_gazebo' build argument 'catkin_cmake_args' from command line to 'None'
[0.203s] Level 5:colcon.colcon_core.verb:set package 'rviz_gazebo' build argument 'catkin_skip_building_tests' from command line to 'False'
[0.203s] DEBUG:colcon.colcon_core.verb:Building package 'rviz_gazebo' with the following arguments: {'ament_cmake_args': None, 'build_base': '/home/joan/Desktop/rviz_gazebo/build/rviz_gazebo', 'catkin_cmake_args': None, 'catkin_skip_building_tests': False, 'cmake_args': None, 'cmake_clean_cache': False, 'cmake_clean_first': False, 'cmake_force_configure': False, 'cmake_target': None, 'cmake_target_skip_unavailable': False, 'install_base': '/home/joan/Desktop/rviz_gazebo/install/rviz_gazebo', 'merge_install': False, 'path': '/home/joan/Desktop/rviz_gazebo', 'symlink_install': False, 'test_result_base': None}
[0.203s] INFO:colcon.colcon_core.executor:Executing jobs using 'parallel' executor
[0.204s] DEBUG:colcon.colcon_parallel_executor.executor.parallel:run_until_complete
[0.204s] INFO:colcon.colcon_ros.task.ament_cmake.build:Building ROS package in '/home/joan/Desktop/rviz_gazebo' with build type 'ament_cmake'
[0.204s] INFO:colcon.colcon_cmake.task.cmake.build:Building CMake package in '/home/joan/Desktop/rviz_gazebo'
[0.205s] INFO:colcon.colcon_core.plugin_system:Skipping extension 'colcon_core.shell.bat': Not used on non-Windows systems
[0.206s] INFO:colcon.colcon_core.shell:Skip shell extension 'powershell' for command environment: Not usable outside of PowerShell
[0.206s] DEBUG:colcon.colcon_core.shell:Skip shell extension 'dsv' for command environment
[0.212s] DEBUG:colcon.colcon_core.event_handler.log_command:Invoking command in '/home/joan/Desktop/rviz_gazebo/build/rviz_gazebo': CMAKE_PREFIX_PATH=${CMAKE_PREFIX_PATH}:/opt/ros/jazzy DEBUGINFOD_URLS=https://debuginfod.ubuntu.com /usr/bin/cmake --build /home/joan/Desktop/rviz_gazebo/build/rviz_gazebo -- -j8 -l8
[0.241s] DEBUG:colcon.colcon_core.event_handler.log_command:Invoked command in '/home/joan/Desktop/rviz_gazebo/build/rviz_gazebo' returned '0': CMAKE_PREFIX_PATH=${CMAKE_PREFIX_PATH}:/opt/ros/jazzy DEBUGINFOD_URLS=https://debuginfod.ubuntu.com /usr/bin/cmake --build /home/joan/Desktop/rviz_gazebo/build/rviz_gazebo -- -j8 -l8
[0.248s] DEBUG:colcon.colcon_core.event_handler.log_command:Invoking command in '/home/joan/Desktop/rviz_gazebo/build/rviz_gazebo': CMAKE_PREFIX_PATH=${CMAKE_PREFIX_PATH}:/opt/ros/jazzy DEBUGINFOD_URLS=https://debuginfod.ubuntu.com /usr/bin/cmake --install /home/joan/Desktop/rviz_gazebo/build/rviz_gazebo
[0.256s] Level 1:colcon.colcon_core.environment:create_environment_scripts_only(rviz_gazebo)
[0.257s] DEBUG:colcon.colcon_core.event_handler.log_command:Invoked command in '/home/joan/Desktop/rviz_gazebo/build/rviz_gazebo' returned '0': CMAKE_PREFIX_PATH=${CMAKE_PREFIX_PATH}:/opt/ros/jazzy DEBUGINFOD_URLS=https://debuginfod.ubuntu.com /usr/bin/cmake --install /home/joan/Desktop/rviz_gazebo/build/rviz_gazebo
[0.258s] Level 1:colcon.colcon_core.environment:checking '/home/joan/Desktop/rviz_gazebo/install/rviz_gazebo' for CMake module files
[0.258s] Level 1:colcon.colcon_core.environment:checking '/home/joan/Desktop/rviz_gazebo/install/rviz_gazebo' for CMake config files
[0.259s] Level 1:colcon.colcon_core.shell:create_environment_hook('rviz_gazebo', 'cmake_prefix_path')
[0.259s] INFO:colcon.colcon_core.shell:Creating environment hook '/home/joan/Desktop/rviz_gazebo/install/rviz_gazebo/share/rviz_gazebo/hook/cmake_prefix_path.ps1'
[0.259s] INFO:colcon.colcon_core.shell:Creating environment descriptor '/home/joan/Desktop/rviz_gazebo/install/rviz_gazebo/share/rviz_gazebo/hook/cmake_prefix_path.dsv'
[0.259s] INFO:colcon.colcon_core.shell:Creating environment hook '/home/joan/Desktop/rviz_gazebo/install/rviz_gazebo/share/rviz_gazebo/hook/cmake_prefix_path.sh'
[0.260s] Level 1:colcon.colcon_core.environment:checking '/home/joan/Desktop/rviz_gazebo/install/rviz_gazebo/bin'
[0.260s] Level 1:colcon.colcon_core.environment:checking '/home/joan/Desktop/rviz_gazebo/install/rviz_gazebo/lib/pkgconfig/rviz_gazebo.pc'
[0.260s] Level 1:colcon.colcon_core.environment:checking '/home/joan/Desktop/rviz_gazebo/install/rviz_gazebo/lib/python3.12/site-packages'
[0.261s] Level 1:colcon.colcon_core.environment:checking '/home/joan/Desktop/rviz_gazebo/install/rviz_gazebo/bin'
[0.261s] INFO:colcon.colcon_core.shell:Creating package script '/home/joan/Desktop/rviz_gazebo/install/rviz_gazebo/share/rviz_gazebo/package.ps1'
[0.261s] INFO:colcon.colcon_core.shell:Creating package descriptor '/home/joan/Desktop/rviz_gazebo/install/rviz_gazebo/share/rviz_gazebo/package.dsv'
[0.262s] INFO:colcon.colcon_core.shell:Creating package script '/home/joan/Desktop/rviz_gazebo/install/rviz_gazebo/share/rviz_gazebo/package.sh'
[0.262s] INFO:colcon.colcon_core.shell:Creating package script '/home/joan/Desktop/rviz_gazebo/install/rviz_gazebo/share/rviz_gazebo/package.bash'
[0.263s] INFO:colcon.colcon_core.shell:Creating package script '/home/joan/Desktop/rviz_gazebo/install/rviz_gazebo/share/rviz_gazebo/package.zsh'
[0.263s] Level 1:colcon.colcon_core.environment:create_file_with_runtime_dependencies(/home/joan/Desktop/rviz_gazebo/install/rviz_gazebo/share/colcon-core/packages/rviz_gazebo)
[0.264s] Level 1:colcon.colcon_core.environment:create_environment_scripts_only(rviz_gazebo)
[0.264s] Level 1:colcon.colcon_core.environment:checking '/home/joan/Desktop/rviz_gazebo/install/rviz_gazebo' for CMake module files
[0.264s] Level 1:colcon.colcon_core.environment:checking '/home/joan/Desktop/rviz_gazebo/install/rviz_gazebo' for CMake config files
[0.264s] Level 1:colcon.colcon_core.shell:create_environment_hook('rviz_gazebo', 'cmake_prefix_path')
[0.264s] INFO:colcon.colcon_core.shell:Creating environment hook '/home/joan/Desktop/rviz_gazebo/install/rviz_gazebo/share/rviz_gazebo/hook/cmake_prefix_path.ps1'
[0.265s] INFO:colcon.colcon_core.shell:Creating environment descriptor '/home/joan/Desktop/rviz_gazebo/install/rviz_gazebo/share/rviz_gazebo/hook/cmake_prefix_path.dsv'
[0.265s] INFO:colcon.colcon_core.shell:Creating environment hook '/home/joan/Desktop/rviz_gazebo/install/rviz_gazebo/share/rviz_gazebo/hook/cmake_prefix_path.sh'
[0.265s] Level 1:colcon.colcon_core.environment:checking '/home/joan/Desktop/rviz_gazebo/install/rviz_gazebo/bin'
[0.265s] Level 1:colcon.colcon_core.environment:checking '/home/joan/Desktop/rviz_gazebo/install/rviz_gazebo/lib/pkgconfig/rviz_gazebo.pc'
[0.265s] Level 1:colcon.colcon_core.environment:checking '/home/joan/Desktop/rviz_gazebo/install/rviz_gazebo/lib/python3.12/site-packages'
[0.266s] Level 1:colcon.colcon_core.environment:checking '/home/joan/Desktop/rviz_gazebo/install/rviz_gazebo/bin'
[0.266s] INFO:colcon.colcon_core.shell:Creating package script '/home/joan/Desktop/rviz_gazebo/install/rviz_gazebo/share/rviz_gazebo/package.ps1'
[0.266s] INFO:colcon.colcon_core.shell:Creating package descriptor '/home/joan/Desktop/rviz_gazebo/install/rviz_gazebo/share/rviz_gazebo/package.dsv'
[0.267s] INFO:colcon.colcon_core.shell:Creating package script '/home/joan/Desktop/rviz_gazebo/install/rviz_gazebo/share/rviz_gazebo/package.sh'
[0.267s] INFO:colcon.colcon_core.shell:Creating package script '/home/joan/Desktop/rviz_gazebo/install/rviz_gazebo/share/rviz_gazebo/package.bash'
[0.267s] INFO:colcon.colcon_core.shell:Creating package script '/home/joan/Desktop/rviz_gazebo/install/rviz_gazebo/share/rviz_gazebo/package.zsh'
[0.268s] Level 1:colcon.colcon_core.environment:create_file_with_runtime_dependencies(/home/joan/Desktop/rviz_gazebo/install/rviz_gazebo/share/colcon-core/packages/rviz_gazebo)
[0.268s] DEBUG:colcon.colcon_parallel_executor.executor.parallel:closing loop
[0.268s] DEBUG:colcon.colcon_parallel_executor.executor.parallel:loop closed
[0.268s] DEBUG:colcon.colcon_parallel_executor.executor.parallel:run_until_complete finished with '0'
[0.268s] DEBUG:colcon.colcon_core.event_reactor:joining thread
[0.272s] INFO:colcon.colcon_core.plugin_system:Skipping extension 'colcon_notification.desktop_notification.notify_send': Could not find 'notify-send'
[0.272s] INFO:colcon.colcon_core.plugin_system:Skipping extension 'colcon_notification.desktop_notification.terminal_notifier': Not used on non-Darwin systems
[0.272s] INFO:colcon.colcon_core.plugin_system:Skipping extension 'colcon_notification.desktop_notification.win32': Not used on non-Windows systems
[0.272s] INFO:colcon.colcon_notification.desktop_notification:Sending desktop notification using 'notify2'
[0.275s] DEBUG:colcon.colcon_core.event_reactor:joined thread
[0.275s] INFO:colcon.colcon_core.shell:Creating prefix script '/home/joan/Desktop/rviz_gazebo/install/local_setup.ps1'
[0.276s] INFO:colcon.colcon_core.shell:Creating prefix util module '/home/joan/Desktop/rviz_gazebo/install/_local_setup_util_ps1.py'
[0.277s] INFO:colcon.colcon_core.shell:Creating prefix chain script '/home/joan/Desktop/rviz_gazebo/install/setup.ps1'
[0.278s] INFO:colcon.colcon_core.shell:Creating prefix script '/home/joan/Desktop/rviz_gazebo/install/local_setup.sh'
[0.278s] INFO:colcon.colcon_core.shell:Creating prefix util module '/home/joan/Desktop/rviz_gazebo/install/_local_setup_util_sh.py'
[0.279s] INFO:colcon.colcon_core.shell:Creating prefix chain script '/home/joan/Desktop/rviz_gazebo/install/setup.sh'
[0.280s] INFO:colcon.colcon_core.shell:Creating prefix script '/home/joan/Desktop/rviz_gazebo/install/local_setup.bash'
[0.280s] INFO:colcon.colcon_core.shell:Creating prefix chain script '/home/joan/Desktop/rviz_gazebo/install/setup.bash'
[0.281s] INFO:colcon.colcon_core.shell:Creating prefix script '/home/joan/Desktop/rviz_gazebo/install/local_setup.zsh'
[0.281s] INFO:colcon.colcon_core.shell:Creating prefix chain script '/home/joan/Desktop/rviz_gazebo/install/setup.zsh'
