[3.762s] DEBUG:colcon:Command line arguments: ['/usr/bin/colcon', 'build']
[3.763s] DEBUG:colcon:Parsed command line arguments: Namespace(log_base=None, log_level=None, verb_name='build', build_base='build', install_base='install', merge_install=False, symlink_install=False, test_result_base=None, continue_on_error=False, executor='parallel', parallel_workers=8, event_handlers=None, ignore_user_meta=False, metas=['./colcon.meta'], base_paths=['.'], packages_ignore=None, packages_ignore_regex=None, paths=None, packages_up_to=None, packages_up_to_regex=None, packages_above=None, packages_above_and_dependencies=None, packages_above_depth=None, packages_select_by_dep=None, packages_skip_by_dep=None, packages_skip_up_to=None, packages_select_build_failed=False, packages_skip_build_finished=False, packages_select_test_failures=False, packages_skip_test_passed=False, packages_select=None, packages_skip=None, packages_select_regex=None, packages_skip_regex=None, packages_start=None, packages_end=None, allow_overriding=[], cmake_args=None, cmake_target=None, cmake_target_skip_unavailable=False, cmake_clean_cache=False, cmake_clean_first=False, cmake_force_configure=False, ament_cmake_args=None, catkin_cmake_args=None, catkin_skip_building_tests=False, mixin_files=None, mixin=None, verb_parser=<colcon_mixin.mixin.mixin_argument.MixinArgumentDecorator object at 0x718b2b882960>, verb_extension=<colcon_core.verb.build.BuildVerb object at 0x718b2c726f60>, main=<bound method BuildVerb.main of <colcon_core.verb.build.BuildVerb object at 0x718b2c726f60>>, mixin_verb=('build',))
[3.971s] Level 1:colcon.colcon_core.package_discovery:discover_packages(colcon_meta) check parameters
[3.971s] Level 1:colcon.colcon_core.package_discovery:discover_packages(recursive) check parameters
[3.971s] Level 1:colcon.colcon_core.package_discovery:discover_packages(ignore) check parameters
[3.971s] Level 1:colcon.colcon_core.package_discovery:discover_packages(path) check parameters
[3.971s] Level 1:colcon.colcon_core.package_discovery:discover_packages(colcon_meta) discover
[3.971s] Level 1:colcon.colcon_core.package_discovery:discover_packages(recursive) discover
[3.971s] INFO:colcon.colcon_core.package_discovery:Crawling recursively for packages in '/home/joan/Desktop/rviz_gazebo'
[3.971s] Level 1:colcon.colcon_core.package_identification:_identify(.) by extensions ['ignore', 'ignore_ament_install']
[3.972s] Level 1:colcon.colcon_core.package_identification:_identify(.) by extension 'ignore'
[3.972s] Level 1:colcon.colcon_core.package_identification:_identify(.) by extension 'ignore_ament_install'
[3.972s] Level 1:colcon.colcon_core.package_identification:_identify(.) by extensions ['colcon_pkg']
[3.972s] Level 1:colcon.colcon_core.package_identification:_identify(.) by extension 'colcon_pkg'
[3.972s] Level 1:colcon.colcon_core.package_identification:_identify(.) by extensions ['colcon_meta']
[3.972s] Level 1:colcon.colcon_core.package_identification:_identify(.) by extension 'colcon_meta'
[3.972s] Level 1:colcon.colcon_core.package_identification:_identify(.) by extensions ['ros']
[3.972s] Level 1:colcon.colcon_core.package_identification:_identify(.) by extension 'ros'
[4.129s] DEBUG:colcon.colcon_core.package_identification:Package '.' with type 'ros.ament_cmake' and name 'rviz_gazebo'
[4.129s] Level 1:colcon.colcon_core.package_discovery:discover_packages(recursive) using defaults
[4.130s] Level 1:colcon.colcon_core.package_discovery:discover_packages(ignore) discover
[4.130s] Level 1:colcon.colcon_core.package_discovery:discover_packages(ignore) using defaults
[4.130s] Level 1:colcon.colcon_core.package_discovery:discover_packages(path) discover
[4.130s] Level 1:colcon.colcon_core.package_discovery:discover_packages(path) using defaults
[4.222s] Level 1:colcon.colcon_core.package_discovery:discover_packages(prefix_path) check parameters
[4.223s] Level 1:colcon.colcon_core.package_discovery:discover_packages(prefix_path) discover
[4.227s] DEBUG:colcon.colcon_installed_package_information.package_discovery:Found 377 installed packages in /opt/ros/jazzy
[4.228s] Level 1:colcon.colcon_core.package_discovery:discover_packages(prefix_path) using defaults
[4.276s] Level 5:colcon.colcon_core.verb:set package 'rviz_gazebo' build argument 'cmake_args' from command line to 'None'
[4.276s] Level 5:colcon.colcon_core.verb:set package 'rviz_gazebo' build argument 'cmake_target' from command line to 'None'
[4.276s] Level 5:colcon.colcon_core.verb:set package 'rviz_gazebo' build argument 'cmake_target_skip_unavailable' from command line to 'False'
[4.276s] Level 5:colcon.colcon_core.verb:set package 'rviz_gazebo' build argument 'cmake_clean_cache' from command line to 'False'
[4.276s] Level 5:colcon.colcon_core.verb:set package 'rviz_gazebo' build argument 'cmake_clean_first' from command line to 'False'
[4.276s] Level 5:colcon.colcon_core.verb:set package 'rviz_gazebo' build argument 'cmake_force_configure' from command line to 'False'
[4.276s] Level 5:colcon.colcon_core.verb:set package 'rviz_gazebo' build argument 'ament_cmake_args' from command line to 'None'
[4.276s] Level 5:colcon.colcon_core.verb:set package 'rviz_gazebo' build argument 'catkin_cmake_args' from command line to 'None'
[4.276s] Level 5:colcon.colcon_core.verb:set package 'rviz_gazebo' build argument 'catkin_skip_building_tests' from command line to 'False'
[4.276s] DEBUG:colcon.colcon_core.verb:Building package 'rviz_gazebo' with the following arguments: {'ament_cmake_args': None, 'build_base': '/home/joan/Desktop/rviz_gazebo/build/rviz_gazebo', 'catkin_cmake_args': None, 'catkin_skip_building_tests': False, 'cmake_args': None, 'cmake_clean_cache': False, 'cmake_clean_first': False, 'cmake_force_configure': False, 'cmake_target': None, 'cmake_target_skip_unavailable': False, 'install_base': '/home/joan/Desktop/rviz_gazebo/install/rviz_gazebo', 'merge_install': False, 'path': '/home/joan/Desktop/rviz_gazebo', 'symlink_install': False, 'test_result_base': None}
[4.276s] INFO:colcon.colcon_core.executor:Executing jobs using 'parallel' executor
[4.277s] DEBUG:colcon.colcon_parallel_executor.executor.parallel:run_until_complete
[4.277s] INFO:colcon.colcon_ros.task.ament_cmake.build:Building ROS package in '/home/joan/Desktop/rviz_gazebo' with build type 'ament_cmake'
[4.278s] INFO:colcon.colcon_cmake.task.cmake.build:Building CMake package in '/home/joan/Desktop/rviz_gazebo'
[4.281s] INFO:colcon.colcon_core.plugin_system:Skipping extension 'colcon_core.shell.bat': Not used on non-Windows systems
[4.281s] INFO:colcon.colcon_core.shell:Skip shell extension 'powershell' for command environment: Not usable outside of PowerShell
[4.281s] DEBUG:colcon.colcon_core.shell:Skip shell extension 'dsv' for command environment
[4.286s] DEBUG:colcon.colcon_core.event_handler.log_command:Invoking command in '/home/joan/Desktop/rviz_gazebo/build/rviz_gazebo': CMAKE_PREFIX_PATH=${CMAKE_PREFIX_PATH}:/opt/ros/jazzy DEBUGINFOD_URLS=https://debuginfod.ubuntu.com /usr/bin/cmake /home/joan/Desktop/rviz_gazebo -DCMAKE_INSTALL_PREFIX=/home/joan/Desktop/rviz_gazebo/install/rviz_gazebo
[7.224s] DEBUG:colcon.colcon_core.event_handler.log_command:Invoked command in '/home/joan/Desktop/rviz_gazebo/build/rviz_gazebo' returned '0': CMAKE_PREFIX_PATH=${CMAKE_PREFIX_PATH}:/opt/ros/jazzy DEBUGINFOD_URLS=https://debuginfod.ubuntu.com /usr/bin/cmake /home/joan/Desktop/rviz_gazebo -DCMAKE_INSTALL_PREFIX=/home/joan/Desktop/rviz_gazebo/install/rviz_gazebo
[7.225s] DEBUG:colcon.colcon_core.event_handler.log_command:Invoking command in '/home/joan/Desktop/rviz_gazebo/build/rviz_gazebo': CMAKE_PREFIX_PATH=${CMAKE_PREFIX_PATH}:/opt/ros/jazzy DEBUGINFOD_URLS=https://debuginfod.ubuntu.com /usr/bin/cmake --build /home/joan/Desktop/rviz_gazebo/build/rviz_gazebo -- -j8 -l8
[7.254s] DEBUG:colcon.colcon_core.event_handler.log_command:Invoked command in '/home/joan/Desktop/rviz_gazebo/build/rviz_gazebo' returned '0': CMAKE_PREFIX_PATH=${CMAKE_PREFIX_PATH}:/opt/ros/jazzy DEBUGINFOD_URLS=https://debuginfod.ubuntu.com /usr/bin/cmake --build /home/joan/Desktop/rviz_gazebo/build/rviz_gazebo -- -j8 -l8
[7.262s] DEBUG:colcon.colcon_core.event_handler.log_command:Invoking command in '/home/joan/Desktop/rviz_gazebo/build/rviz_gazebo': CMAKE_PREFIX_PATH=${CMAKE_PREFIX_PATH}:/opt/ros/jazzy DEBUGINFOD_URLS=https://debuginfod.ubuntu.com /usr/bin/cmake --install /home/joan/Desktop/rviz_gazebo/build/rviz_gazebo
[7.466s] Level 1:colcon.colcon_core.environment:create_environment_scripts_only(rviz_gazebo)
[7.468s] DEBUG:colcon.colcon_core.event_handler.log_command:Invoked command in '/home/joan/Desktop/rviz_gazebo/build/rviz_gazebo' returned '0': CMAKE_PREFIX_PATH=${CMAKE_PREFIX_PATH}:/opt/ros/jazzy DEBUGINFOD_URLS=https://debuginfod.ubuntu.com /usr/bin/cmake --install /home/joan/Desktop/rviz_gazebo/build/rviz_gazebo
[7.565s] Level 1:colcon.colcon_core.environment:checking '/home/joan/Desktop/rviz_gazebo/install/rviz_gazebo' for CMake module files
[7.567s] Level 1:colcon.colcon_core.environment:checking '/home/joan/Desktop/rviz_gazebo/install/rviz_gazebo' for CMake config files
[7.568s] Level 1:colcon.colcon_core.shell:create_environment_hook('rviz_gazebo', 'cmake_prefix_path')
[7.568s] INFO:colcon.colcon_core.shell:Creating environment hook '/home/joan/Desktop/rviz_gazebo/install/rviz_gazebo/share/rviz_gazebo/hook/cmake_prefix_path.ps1'
[7.587s] INFO:colcon.colcon_core.shell:Creating environment descriptor '/home/joan/Desktop/rviz_gazebo/install/rviz_gazebo/share/rviz_gazebo/hook/cmake_prefix_path.dsv'
[7.603s] INFO:colcon.colcon_core.shell:Creating environment hook '/home/joan/Desktop/rviz_gazebo/install/rviz_gazebo/share/rviz_gazebo/hook/cmake_prefix_path.sh'
[7.606s] Level 1:colcon.colcon_core.environment:checking '/home/joan/Desktop/rviz_gazebo/install/rviz_gazebo/bin'
[7.607s] Level 1:colcon.colcon_core.environment:checking '/home/joan/Desktop/rviz_gazebo/install/rviz_gazebo/lib/pkgconfig/rviz_gazebo.pc'
[7.607s] Level 1:colcon.colcon_core.environment:checking '/home/joan/Desktop/rviz_gazebo/install/rviz_gazebo/lib/python3.12/site-packages'
[7.609s] Level 1:colcon.colcon_core.environment:checking '/home/joan/Desktop/rviz_gazebo/install/rviz_gazebo/bin'
[7.610s] INFO:colcon.colcon_core.shell:Creating package script '/home/joan/Desktop/rviz_gazebo/install/rviz_gazebo/share/rviz_gazebo/package.ps1'
[7.613s] INFO:colcon.colcon_core.shell:Creating package descriptor '/home/joan/Desktop/rviz_gazebo/install/rviz_gazebo/share/rviz_gazebo/package.dsv'
[7.616s] INFO:colcon.colcon_core.shell:Creating package script '/home/joan/Desktop/rviz_gazebo/install/rviz_gazebo/share/rviz_gazebo/package.sh'
[7.618s] INFO:colcon.colcon_core.shell:Creating package script '/home/joan/Desktop/rviz_gazebo/install/rviz_gazebo/share/rviz_gazebo/package.bash'
[7.636s] INFO:colcon.colcon_core.shell:Creating package script '/home/joan/Desktop/rviz_gazebo/install/rviz_gazebo/share/rviz_gazebo/package.zsh'
[7.654s] Level 1:colcon.colcon_core.environment:create_file_with_runtime_dependencies(/home/joan/Desktop/rviz_gazebo/install/rviz_gazebo/share/colcon-core/packages/rviz_gazebo)
[7.656s] Level 1:colcon.colcon_core.environment:create_environment_scripts_only(rviz_gazebo)
[7.657s] Level 1:colcon.colcon_core.environment:checking '/home/joan/Desktop/rviz_gazebo/install/rviz_gazebo' for CMake module files
[7.659s] Level 1:colcon.colcon_core.environment:checking '/home/joan/Desktop/rviz_gazebo/install/rviz_gazebo' for CMake config files
[7.659s] Level 1:colcon.colcon_core.shell:create_environment_hook('rviz_gazebo', 'cmake_prefix_path')
[7.660s] INFO:colcon.colcon_core.shell:Creating environment hook '/home/joan/Desktop/rviz_gazebo/install/rviz_gazebo/share/rviz_gazebo/hook/cmake_prefix_path.ps1'
[7.661s] INFO:colcon.colcon_core.shell:Creating environment descriptor '/home/joan/Desktop/rviz_gazebo/install/rviz_gazebo/share/rviz_gazebo/hook/cmake_prefix_path.dsv'
[7.663s] INFO:colcon.colcon_core.shell:Creating environment hook '/home/joan/Desktop/rviz_gazebo/install/rviz_gazebo/share/rviz_gazebo/hook/cmake_prefix_path.sh'
[7.664s] Level 1:colcon.colcon_core.environment:checking '/home/joan/Desktop/rviz_gazebo/install/rviz_gazebo/bin'
[7.665s] Level 1:colcon.colcon_core.environment:checking '/home/joan/Desktop/rviz_gazebo/install/rviz_gazebo/lib/pkgconfig/rviz_gazebo.pc'
[7.666s] Level 1:colcon.colcon_core.environment:checking '/home/joan/Desktop/rviz_gazebo/install/rviz_gazebo/lib/python3.12/site-packages'
[7.667s] Level 1:colcon.colcon_core.environment:checking '/home/joan/Desktop/rviz_gazebo/install/rviz_gazebo/bin'
[7.668s] INFO:colcon.colcon_core.shell:Creating package script '/home/joan/Desktop/rviz_gazebo/install/rviz_gazebo/share/rviz_gazebo/package.ps1'
[7.670s] INFO:colcon.colcon_core.shell:Creating package descriptor '/home/joan/Desktop/rviz_gazebo/install/rviz_gazebo/share/rviz_gazebo/package.dsv'
[7.671s] INFO:colcon.colcon_core.shell:Creating package script '/home/joan/Desktop/rviz_gazebo/install/rviz_gazebo/share/rviz_gazebo/package.sh'
[7.673s] INFO:colcon.colcon_core.shell:Creating package script '/home/joan/Desktop/rviz_gazebo/install/rviz_gazebo/share/rviz_gazebo/package.bash'
[7.674s] INFO:colcon.colcon_core.shell:Creating package script '/home/joan/Desktop/rviz_gazebo/install/rviz_gazebo/share/rviz_gazebo/package.zsh'
[7.675s] Level 1:colcon.colcon_core.environment:create_file_with_runtime_dependencies(/home/joan/Desktop/rviz_gazebo/install/rviz_gazebo/share/colcon-core/packages/rviz_gazebo)
[7.676s] DEBUG:colcon.colcon_parallel_executor.executor.parallel:closing loop
[7.677s] DEBUG:colcon.colcon_parallel_executor.executor.parallel:loop closed
[7.678s] DEBUG:colcon.colcon_parallel_executor.executor.parallel:run_until_complete finished with '0'
[7.678s] DEBUG:colcon.colcon_core.event_reactor:joining thread
[7.741s] INFO:colcon.colcon_core.plugin_system:Skipping extension 'colcon_notification.desktop_notification.notify_send': Could not find 'notify-send'
[7.741s] INFO:colcon.colcon_core.plugin_system:Skipping extension 'colcon_notification.desktop_notification.terminal_notifier': Not used on non-Darwin systems
[7.741s] INFO:colcon.colcon_core.plugin_system:Skipping extension 'colcon_notification.desktop_notification.win32': Not used on non-Windows systems
[7.741s] INFO:colcon.colcon_notification.desktop_notification:Sending desktop notification using 'notify2'
[7.768s] DEBUG:colcon.colcon_core.event_reactor:joined thread
[7.768s] INFO:colcon.colcon_core.shell:Creating prefix script '/home/joan/Desktop/rviz_gazebo/install/local_setup.ps1'
[7.770s] INFO:colcon.colcon_core.shell:Creating prefix util module '/home/joan/Desktop/rviz_gazebo/install/_local_setup_util_ps1.py'
[7.771s] INFO:colcon.colcon_core.shell:Creating prefix chain script '/home/joan/Desktop/rviz_gazebo/install/setup.ps1'
[7.773s] INFO:colcon.colcon_core.shell:Creating prefix script '/home/joan/Desktop/rviz_gazebo/install/local_setup.sh'
[7.774s] INFO:colcon.colcon_core.shell:Creating prefix util module '/home/joan/Desktop/rviz_gazebo/install/_local_setup_util_sh.py'
[7.774s] INFO:colcon.colcon_core.shell:Creating prefix chain script '/home/joan/Desktop/rviz_gazebo/install/setup.sh'
[7.775s] INFO:colcon.colcon_core.shell:Creating prefix script '/home/joan/Desktop/rviz_gazebo/install/local_setup.bash'
[7.776s] INFO:colcon.colcon_core.shell:Creating prefix chain script '/home/joan/Desktop/rviz_gazebo/install/setup.bash'
[7.777s] INFO:colcon.colcon_core.shell:Creating prefix script '/home/joan/Desktop/rviz_gazebo/install/local_setup.zsh'
[7.778s] INFO:colcon.colcon_core.shell:Creating prefix chain script '/home/joan/Desktop/rviz_gazebo/install/setup.zsh'
