[0.007s] Invoking command in '/home/joan/Desktop/rviz/build/rviz': DEBUGINFOD_URLS=https://debuginfod.ubuntu.com /usr/bin/cmake /home/joan/Desktop/rviz -DCMAKE_INSTALL_PREFIX=/home/joan/Desktop/rviz/install/rviz
[0.695s] -- The C compiler identification is GNU 13.3.0
[1.244s] -- The CXX compiler identification is GNU 13.3.0
[1.300s] -- Detecting C compiler ABI info
[1.450s] -- Detecting C compiler ABI info - done
[1.460s] -- Check for working C compiler: /usr/bin/cc - skipped
[1.460s] -- Detecting C compile features
[1.460s] -- Detecting C compile features - done
[1.467s] -- Detecting CXX compiler ABI info
[1.537s] -- Detecting CXX compiler ABI info - done
[1.545s] -- Check for working CXX compiler: /usr/bin/c++ - skipped
[1.545s] -- Detecting CXX compile features
[1.546s] -- Detecting CXX compile features - done
[1.721s] -- Found ament_cmake: 2.5.6 (/opt/ros/jazzy/share/ament_cmake/cmake)
[1.948s] -- Found Python3: /usr/bin/python3 (found version "3.12.3") found components: Interpreter 
[2.375s] Error parsing '/home/joan/Desktop/rviz/package.xml':
[3.844s] Traceback (most recent call last):
[3.844s]   File "/opt/ros/jazzy/share/ament_cmake_core/cmake/core/package_xml_2_cmake.py", line 150, in <module>
[3.844s]     main()
[3.844s]   File "/opt/ros/jazzy/share/ament_cmake_core/cmake/core/package_xml_2_cmake.py", line 53, in main
[3.844s]     raise e
[3.845s]   File "/opt/ros/jazzy/share/ament_cmake_core/cmake/core/package_xml_2_cmake.py", line 49, in main
[3.845s]     package = parse_package_string(
[3.845s]               ^^^^^^^^^^^^^^^^^^^^^
[3.845s]   File "/usr/lib/python3/dist-packages/catkin_pkg/package.py", line 788, in parse_package_string
[3.845s]     pkg.validate(warnings=warnings)
[3.845s]   File "/usr/lib/python3/dist-packages/catkin_pkg/package.py", line 330, in validate
[3.845s]     raise InvalidPackage('\n'.join(errors), self.filename)
[3.845s] catkin_pkg.package.InvalidPackage: Error(s) in package '/home/joan/Desktop/rviz/package.xml':
[3.845s] Package 'rviz' must declare at least one maintainer
[3.875s] [31mCMake Error at /opt/ros/jazzy/share/ament_cmake_core/cmake/core/ament_package_xml.cmake:95 (message):
[3.875s]   execute_process(/usr/bin/python3
[3.876s]   /opt/ros/jazzy/share/ament_cmake_core/cmake/core/package_xml_2_cmake.py
[3.876s]   /home/joan/Desktop/rviz/package.xml
[3.876s]   /home/joan/Desktop/rviz/build/rviz/ament_cmake_core/package.cmake) returned
[3.876s]   error code 1
[3.876s] Call Stack (most recent call first):
[3.876s]   /opt/ros/jazzy/share/ament_cmake_core/cmake/core/ament_package_xml.cmake:49 (_ament_package_xml)
[3.876s]   /opt/ros/jazzy/share/ament_cmake_core/cmake/core/ament_package.cmake:63 (ament_package_xml)
[3.876s]   CMakeLists.txt:16 (ament_package)
[3.876s] 
[3.876s] [0m
[3.876s] -- Configuring incomplete, errors occurred!
[3.880s] Invoked command in '/home/joan/Desktop/rviz/build/rviz' returned '1': DEBUGINFOD_URLS=https://debuginfod.ubuntu.com /usr/bin/cmake /home/joan/Desktop/rviz -DCMAKE_INSTALL_PREFIX=/home/joan/Desktop/rviz/install/rviz
